// Jest Snapshot v1, https://goo.gl/fbAQLP

exports[`Agreement Modal Snapshot 1`] = `null`;

exports[`App Snapshot 1`] = `null`;
