// Jest Snapshot v1, https://goo.gl/fbAQLP

exports[`Not Found Snapshot 1`] = `
<div>
  This Route Doesn't Exist
</div>
`;
